// Jest Snapshot v1, https://goo.gl/fbAQLP

exports[`SigninPage Test should render properly 1`] = `
<body>
  <div>
    <div
      class=""
    >
      <div
        class="header container"
      >
        <div
          class="link"
        >
          WBank
        </div>
        <div
          class="topRight"
        />
      </div>
      <div
        class="bottom container"
      />
      <div
        class="signinpage container"
      >
        <div
          class="form-container"
        >
          <h2
            class="intro-text"
          >
            Welcome To WBank
          </h2>
          <div
            class="signin-container"
          >
            <div>
              <p>
                Sign in to account
              </p>
              <span
                class="error-text"
              />
              <div
                class="form-input"
              >
                <div
                  class="title"
                >
                  Enter your customer id
                </div>
                <input
                  class="text-input"
                  data-testid="signin-customerId"
                  id=""
                  name="customerId"
                  placeholder="3214"
                  type="text"
                  value=""
                />
                <span
                  class="info"
                />
                
              </div>
              <div
                class="form-input"
              >
                <div
                  class="title"
                >
                  Enter your email
                </div>
                <input
                  class="text-input"
                  data-testid="signin-email"
                  id=""
                  name="email"
                  placeholder="jimhalpert@dundermuflin.com"
                  type="text"
                  value=""
                />
                <span
                  class="info"
                />
                
              </div>
              <div
                class="btn-button"
              >
                <button
                  class="button "
                  data-testid="signin-signin"
                  type="submit"
                >
                  Signin
                </button>
              </div>
            </div>
            <br />
            <h4
              class="link"
            >
              Don't have an account?. click here to signup
            </h4>
          </div>
        </div>
      </div>
    </div>
  </div>
</body>
`;
