// Jest Snapshot v1, https://goo.gl/fbAQLP

exports[`Dropdown Component should render properly 1`] = `
<body>
  <div>
    <div
      class="drop-down"
    >
      <select
        class="select"
        data-testid="dropdown"
        name="currency"
      >
        <option
          value=""
        />
        <option
          value="cad"
        >
          CAD
        </option>
        <option
          value="usd"
        >
          USD
        </option>
        <option
          value="mxn"
        >
          MXN
        </option>
      </select>
      <span
        class="chevy"
      >
        âˆ¨
      </span>
      <span
        class="info"
      />
      
    </div>
  </div>
</body>
`;
