// Jest Snapshot v1, https://goo.gl/fbAQLP

exports[`Footer Component should render properly 1`] = `
<body>
  <div>
    <div
      class="footer"
    >
      <p>
        Stephen Aribaba Â© 2020
      </p>
    </div>
  </div>
</body>
`;
